// Jest Snapshot v1, https://goo.gl/fbAQLP

exports[`<Progress> should render correctly 1`] = `ShallowWrapper {}`;
