// Jest Snapshot v1, https://goo.gl/fbAQLP

exports[`<A /> should render correctly 1`] = `ShallowWrapper {}`;

exports[`<App /> should render correctly 1`] = `ShallowWrapper {}`;

exports[`<View /> should render correctly 1`] = `ShallowWrapper {}`;
